Downloading T1e9.mat 866073140
Downloading T1e8.mat 937665771
Downloading T1e10.mat 1123148180
Downloading T1e8-sup1.mat 448863371
Verified T1e8-sup1.mat
Downloading Source simulation data information.pdf 29461
Verified Source simulation data information.pdf
Downloading T1e7.mat 433362681
Verified T1e9.mat
Downloading T1e9-ref.mat 501791763
Verified T1e10.mat
Downloading T1e10-ref.mat 533254258
Verified T1e7.mat
Downloading T1e8-ref.mat 130097366
Verified T1e8.mat
Downloading T1e8-sup2.mat 353823717
Verified T1e9-ref.mat
Verified T1e8-ref.mat
Verified T1e8-sup2.mat
Verified T1e10-ref.mat
