SOFTWARE FIXTURE ONLY. No scientific figure or report is supplied from this directory.
Latexmk: This is Latexmk, John Collins, 18 June 2019, version: 4.65.
Rule 'pdflatex': File changes, etc:
   Changed files, or newly in use since previous run(s):
      'comparisons.tex'
------------
Run number 1 of rule 'pdflatex'
------------
------------
Running 'pdflatex  -interaction=nonstopmode -halt-on-error -recorder  "reproduction.tex"'
------------
Latexmk: applying rule 'pdflatex'...
This is pdfTeX, Version 3.14159265-2.6-1.40.19 (TeX Live 2018) (preloaded format=pdflatex)
 restricted \write18 enabled.
entering extended mode
(./reproduction.tex
LaTeX2e <2017-04-15>
Babel <3.17> and hyphenation patterns for 3 language(s) loaded.
(/usr/share/texlive/texmf-dist/tex/latex/base/article.cls
Document Class: article 2014/09/29 v1.4h Standard LaTeX document class
(/usr/share/texlive/texmf-dist/tex/latex/base/size11.clo))
(/usr/share/texlive/texmf-dist/tex/latex/geometry/geometry.sty
(/usr/share/texlive/texmf-dist/tex/latex/graphics/keyval.sty)
(/usr/share/texlive/texmf-dist/tex/generic/oberdiek/ifpdf.sty)
(/usr/share/texlive/texmf-dist/tex/generic/oberdiek/ifvtex.sty)
(/usr/share/texlive/texmf-dist/tex/generic/ifxetex/ifxetex.sty))
(/usr/share/texlive/texmf-dist/tex/latex/amsmath/amsmath.sty
For additional information on amsmath, use the `?' option.
(/usr/share/texlive/texmf-dist/tex/latex/amsmath/amstext.sty
(/usr/share/texlive/texmf-dist/tex/latex/amsmath/amsgen.sty))
(/usr/share/texlive/texmf-dist/tex/latex/amsmath/amsbsy.sty)
(/usr/share/texlive/texmf-dist/tex/latex/amsmath/amsopn.sty))
(/usr/share/texlive/texmf-dist/tex/latex/amsfonts/amssymb.sty
(/usr/share/texlive/texmf-dist/tex/latex/amsfonts/amsfonts.sty))
(/usr/share/texlive/texmf-dist/tex/latex/graphics/graphicx.sty
(/usr/share/texlive/texmf-dist/tex/latex/graphics/graphics.sty
(/usr/share/texlive/texmf-dist/tex/latex/graphics/trig.sty)
(/usr/share/texlive/texmf-dist/tex/latex/graphics-cfg/graphics.cfg)
(/usr/share/texlive/texmf-dist/tex/latex/graphics-def/pdftex.def)))
(/usr/share/texlive/texmf-dist/tex/latex/booktabs/booktabs.sty)
(/usr/share/texlive/texmf-dist/tex/latex/tools/longtable.sty)
(/usr/share/texlive/texmf-dist/tex/latex/tools/array.sty)
(/usr/share/texlive/texmf-dist/tex/latex/oberdiek/pdflscape.sty
(/usr/share/texlive/texmf-dist/tex/latex/graphics/lscape.sty))
(/usr/share/texlive/texmf-dist/tex/latex/base/fontenc.sty
(/usr/share/texlive/texmf-dist/tex/latex/base/t1enc.def))
(/usr/share/texlive/texmf-dist/tex/latex/base/inputenc.sty
(/usr/share/texlive/texmf-dist/tex/latex/base/utf8.def
(/usr/share/texlive/texmf-dist/tex/latex/base/t1enc.dfu)
(/usr/share/texlive/texmf-dist/tex/latex/base/ot1enc.dfu)
(/usr/share/texlive/texmf-dist/tex/latex/base/omsenc.dfu)))
(/usr/share/texlive/texmf-dist/tex/latex/hyperref/hyperref.sty
(/usr/share/texlive/texmf-dist/tex/generic/oberdiek/hobsub-hyperref.sty
(/usr/share/texlive/texmf-dist/tex/generic/oberdiek/hobsub-generic.sty))
(/usr/share/texlive/texmf-dist/tex/latex/oberdiek/auxhook.sty)
(/usr/share/texlive/texmf-dist/tex/latex/oberdiek/kvoptions.sty)
(/usr/share/texlive/texmf-dist/tex/latex/hyperref/pd1enc.def)
(/usr/share/texlive/texmf-dist/tex/latex/latexconfig/hyperref.cfg)
(/usr/share/texlive/texmf-dist/tex/latex/url/url.sty))

Package hyperref Message: Driver (autodetected): hpdftex.

(/usr/share/texlive/texmf-dist/tex/latex/hyperref/hpdftex.def
(/usr/share/texlive/texmf-dist/tex/latex/oberdiek/rerunfilecheck.sty))
(/usr/share/texlive/texmf-dist/tex/latex/xcolor/xcolor.sty
(/usr/share/texlive/texmf-dist/tex/latex/graphics-cfg/color.cfg))
(./reproduction.aux)
*geometry* driver: auto-detecting
*geometry* detected driver: pdftex
(/usr/share/texlive/texmf-dist/tex/context/base/mkii/supp-pdf.mkii
[Loading MPS to PDF converter (version 2006.09.02).]
) (/usr/share/texlive/texmf-dist/tex/latex/oberdiek/epstopdf-base.sty
(/usr/share/texlive/texmf-dist/tex/latex/oberdiek/grfext.sty)
(/usr/share/texlive/texmf-dist/tex/latex/latexconfig/epstopdf-sys.cfg))
(/usr/share/texlive/texmf-dist/tex/latex/hyperref/nameref.sty
(/usr/share/texlive/texmf-dist/tex/generic/oberdiek/gettitlestring.sty))
(./reproduction.out) (./reproduction.out)
(/usr/share/texlive/texmf-dist/tex/latex/amsfonts/umsa.fd)
(/usr/share/texlive/texmf-dist/tex/latex/amsfonts/umsb.fd) (./summary.tex)
(/usr/share/texlive/texmf-dist/tex/latex/base/t1cmtt.fd) [1{/usr/share/texlive/
texmf-dist/fonts/map/pdftex/updmap/pdftex.map}] [2] (./verification.tex
[3] [4]) (./comparisons.tex [5] [6] [7] [8] [9]) (./provenance.tex [10]
[11] [12] [13] [14] [15] [16]) (./figure_pages.tex [17] [18 <../figures/F1.pdf>
] [19 <../figures/F2.pdf>] [20 <../figures/F3.pdf>] [21 <../figures/F4.pdf>]
[22 <../figures/F5.pdf>] [23 <../figures/F6.pdf>] [24 <../figures/S1.pdf>]
[25 <../figures/S2.pdf>] [26 <../figures/S3.pdf>] [27 <../figures/S4.pdf>]
[28 <../figures/S5.pdf>]) [29 <../figures/S6.pdf>] (./execution.tex) [30]
[31] (./reproduction.aux)

Package rerunfilecheck Warning: File `reproduction.out' has changed.
(rerunfilecheck)                Rerun to get outlines right
(rerunfilecheck)                or use package `bookmark'.

 ){/usr/share/texlive/texmf-dist/fonts/enc/dvips/cm-super/cm-super-t1.enc}</usr
/share/texlive/texmf-dist/fonts/type1/public/amsfonts/cm/cmex10.pfb></usr/share
/texlive/texmf-dist/fonts/type1/public/amsfonts/cm/cmmi10.pfb></usr/share/texli
ve/texmf-dist/fonts/type1/public/amsfonts/cm/cmmi7.pfb></usr/share/texlive/texm
f-dist/fonts/type1/public/amsfonts/cm/cmmi8.pfb></usr/share/texlive/texmf-dist/
fonts/type1/public/amsfonts/cm/cmr10.pfb></usr/share/texlive/texmf-dist/fonts/t
ype1/public/amsfonts/cm/cmr7.pfb></usr/share/texlive/texmf-dist/fonts/type1/pub
lic/amsfonts/cm/cmr8.pfb></usr/share/texlive/texmf-dist/fonts/type1/public/amsf
onts/cm/cmsy10.pfb></usr/share/texlive/texmf-dist/fonts/type1/public/amsfonts/c
m/cmsy7.pfb></usr/share/texlive/texmf-dist/fonts/type1/public/amsfonts/cm/cmsy8
.pfb></usr/share/texlive/texmf-dist/fonts/type1/public/cm-super/sfbx1000.pfb></
usr/share/texlive/texmf-dist/fonts/type1/public/cm-super/sfbx1200.pfb></usr/sha
re/texlive/texmf-dist/fonts/type1/public/cm-super/sfbx1440.pfb></usr/share/texl
ive/texmf-dist/fonts/type1/public/cm-super/sfrm0800.pfb></usr/share/texlive/tex
mf-dist/fonts/type1/public/cm-super/sfrm1000.pfb></usr/share/texlive/texmf-dist
/fonts/type1/public/cm-super/sfrm1095.pfb></usr/share/texlive/texmf-dist/fonts/
type1/public/cm-super/sfrm1200.pfb></usr/share/texlive/texmf-dist/fonts/type1/p
ublic/cm-super/sfrm1728.pfb></usr/share/texlive/texmf-dist/fonts/type1/public/c
m-super/sfti1095.pfb></usr/share/texlive/texmf-dist/fonts/type1/public/cm-super
/sftt0800.pfb></usr/share/texlive/texmf-dist/fonts/type1/public/cm-super/sftt10
00.pfb></usr/share/texlive/texmf-dist/fonts/type1/public/cm-super/sftt1095.pfb>
Output written on reproduction.pdf (31 pages, 9129482 bytes).
Transcript written on reproduction.log.
Latexmk: References changed.
Rule 'pdflatex': File changes, etc:
   Changed files, or newly in use since previous run(s):
      'reproduction.aux'
      'reproduction.out'
------------
Run number 2 of rule 'pdflatex'
------------
------------
Running 'pdflatex  -interaction=nonstopmode -halt-on-error -recorder  "reproduction.tex"'
------------
=== TeX engine is 'pdfTeX'
Latexmk: applying rule 'pdflatex'...
This is pdfTeX, Version 3.14159265-2.6-1.40.19 (TeX Live 2018) (preloaded format=pdflatex)
 restricted \write18 enabled.
entering extended mode
(./reproduction.tex
LaTeX2e <2017-04-15>
Babel <3.17> and hyphenation patterns for 3 language(s) loaded.
(/usr/share/texlive/texmf-dist/tex/latex/base/article.cls
Document Class: article 2014/09/29 v1.4h Standard LaTeX document class
(/usr/share/texlive/texmf-dist/tex/latex/base/size11.clo))
(/usr/share/texlive/texmf-dist/tex/latex/geometry/geometry.sty
(/usr/share/texlive/texmf-dist/tex/latex/graphics/keyval.sty)
(/usr/share/texlive/texmf-dist/tex/generic/oberdiek/ifpdf.sty)
(/usr/share/texlive/texmf-dist/tex/generic/oberdiek/ifvtex.sty)
(/usr/share/texlive/texmf-dist/tex/generic/ifxetex/ifxetex.sty))
(/usr/share/texlive/texmf-dist/tex/latex/amsmath/amsmath.sty
For additional information on amsmath, use the `?' option.
(/usr/share/texlive/texmf-dist/tex/latex/amsmath/amstext.sty
(/usr/share/texlive/texmf-dist/tex/latex/amsmath/amsgen.sty))
(/usr/share/texlive/texmf-dist/tex/latex/amsmath/amsbsy.sty)
(/usr/share/texlive/texmf-dist/tex/latex/amsmath/amsopn.sty))
(/usr/share/texlive/texmf-dist/tex/latex/amsfonts/amssymb.sty
(/usr/share/texlive/texmf-dist/tex/latex/amsfonts/amsfonts.sty))
(/usr/share/texlive/texmf-dist/tex/latex/graphics/graphicx.sty
(/usr/share/texlive/texmf-dist/tex/latex/graphics/graphics.sty
(/usr/share/texlive/texmf-dist/tex/latex/graphics/trig.sty)
(/usr/share/texlive/texmf-dist/tex/latex/graphics-cfg/graphics.cfg)
(/usr/share/texlive/texmf-dist/tex/latex/graphics-def/pdftex.def)))
(/usr/share/texlive/texmf-dist/tex/latex/booktabs/booktabs.sty)
(/usr/share/texlive/texmf-dist/tex/latex/tools/longtable.sty)
(/usr/share/texlive/texmf-dist/tex/latex/tools/array.sty)
(/usr/share/texlive/texmf-dist/tex/latex/oberdiek/pdflscape.sty
(/usr/share/texlive/texmf-dist/tex/latex/graphics/lscape.sty))
(/usr/share/texlive/texmf-dist/tex/latex/base/fontenc.sty
(/usr/share/texlive/texmf-dist/tex/latex/base/t1enc.def))
(/usr/share/texlive/texmf-dist/tex/latex/base/inputenc.sty
(/usr/share/texlive/texmf-dist/tex/latex/base/utf8.def
(/usr/share/texlive/texmf-dist/tex/latex/base/t1enc.dfu)
(/usr/share/texlive/texmf-dist/tex/latex/base/ot1enc.dfu)
(/usr/share/texlive/texmf-dist/tex/latex/base/omsenc.dfu)))
(/usr/share/texlive/texmf-dist/tex/latex/hyperref/hyperref.sty
(/usr/share/texlive/texmf-dist/tex/generic/oberdiek/hobsub-hyperref.sty
(/usr/share/texlive/texmf-dist/tex/generic/oberdiek/hobsub-generic.sty))
(/usr/share/texlive/texmf-dist/tex/latex/oberdiek/auxhook.sty)
(/usr/share/texlive/texmf-dist/tex/latex/oberdiek/kvoptions.sty)
(/usr/share/texlive/texmf-dist/tex/latex/hyperref/pd1enc.def)
(/usr/share/texlive/texmf-dist/tex/latex/latexconfig/hyperref.cfg)
(/usr/share/texlive/texmf-dist/tex/latex/url/url.sty))

Package hyperref Message: Driver (autodetected): hpdftex.

(/usr/share/texlive/texmf-dist/tex/latex/hyperref/hpdftex.def
(/usr/share/texlive/texmf-dist/tex/latex/oberdiek/rerunfilecheck.sty))
(/usr/share/texlive/texmf-dist/tex/latex/xcolor/xcolor.sty
(/usr/share/texlive/texmf-dist/tex/latex/graphics-cfg/color.cfg))
(./reproduction.aux)
*geometry* driver: auto-detecting
*geometry* detected driver: pdftex
(/usr/share/texlive/texmf-dist/tex/context/base/mkii/supp-pdf.mkii
[Loading MPS to PDF converter (version 2006.09.02).]
) (/usr/share/texlive/texmf-dist/tex/latex/oberdiek/epstopdf-base.sty
(/usr/share/texlive/texmf-dist/tex/latex/oberdiek/grfext.sty)
(/usr/share/texlive/texmf-dist/tex/latex/latexconfig/epstopdf-sys.cfg))
(/usr/share/texlive/texmf-dist/tex/latex/hyperref/nameref.sty
(/usr/share/texlive/texmf-dist/tex/generic/oberdiek/gettitlestring.sty))
(./reproduction.out) (./reproduction.out)
(/usr/share/texlive/texmf-dist/tex/latex/amsfonts/umsa.fd)
(/usr/share/texlive/texmf-dist/tex/latex/amsfonts/umsb.fd) (./summary.tex)
(/usr/share/texlive/texmf-dist/tex/latex/base/t1cmtt.fd) [1{/usr/share/texlive/
texmf-dist/fonts/map/pdftex/updmap/pdftex.map}] [2] (./verification.tex
[3] [4]) (./comparisons.tex [5] [6] [7] [8] [9]) (./provenance.tex [10]
[11] [12] [13] [14] [15] [16]) (./figure_pages.tex [17] [18 <../figures/F1.pdf>
] [19 <../figures/F2.pdf>] [20 <../figures/F3.pdf>] [21 <../figures/F4.pdf>]
[22 <../figures/F5.pdf>] [23 <../figures/F6.pdf>] [24 <../figures/S1.pdf>]
[25 <../figures/S2.pdf>] [26 <../figures/S3.pdf>] [27 <../figures/S4.pdf>]
[28 <../figures/S5.pdf>]) [29 <../figures/S6.pdf>] (./execution.tex) [30]
[31] (./reproduction.aux) ){/usr/share/texlive/texmf-dist/fonts/enc/dvips/cm-su
per/cm-super-t1.enc}</usr/share/texlive/texmf-dist/fonts/type1/public/amsfonts/
cm/cmex10.pfb></usr/share/texlive/texmf-dist/fonts/type1/public/amsfonts/cm/cmm
i10.pfb></usr/share/texlive/texmf-dist/fonts/type1/public/amsfonts/cm/cmmi7.pfb
></usr/share/texlive/texmf-dist/fonts/type1/public/amsfonts/cm/cmmi8.pfb></usr/
share/texlive/texmf-dist/fonts/type1/public/amsfonts/cm/cmr10.pfb></usr/share/t
exlive/texmf-dist/fonts/type1/public/amsfonts/cm/cmr7.pfb></usr/share/texlive/t
exmf-dist/fonts/type1/public/amsfonts/cm/cmr8.pfb></usr/share/texlive/texmf-dis
t/fonts/type1/public/amsfonts/cm/cmsy10.pfb></usr/share/texlive/texmf-dist/font
s/type1/public/amsfonts/cm/cmsy7.pfb></usr/share/texlive/texmf-dist/fonts/type1
/public/amsfonts/cm/cmsy8.pfb></usr/share/texlive/texmf-dist/fonts/type1/public
/cm-super/sfbx1000.pfb></usr/share/texlive/texmf-dist/fonts/type1/public/cm-sup
er/sfbx1200.pfb></usr/share/texlive/texmf-dist/fonts/type1/public/cm-super/sfbx
1440.pfb></usr/share/texlive/texmf-dist/fonts/type1/public/cm-super/sfrm0800.pf
b></usr/share/texlive/texmf-dist/fonts/type1/public/cm-super/sfrm1000.pfb></usr
/share/texlive/texmf-dist/fonts/type1/public/cm-super/sfrm1095.pfb></usr/share/
texlive/texmf-dist/fonts/type1/public/cm-super/sfrm1200.pfb></usr/share/texlive
/texmf-dist/fonts/type1/public/cm-super/sfrm1728.pfb></usr/share/texlive/texmf-
dist/fonts/type1/public/cm-super/sfti1095.pfb></usr/share/texlive/texmf-dist/fo
nts/type1/public/cm-super/sftt0800.pfb></usr/share/texlive/texmf-dist/fonts/typ
e1/public/cm-super/sftt1000.pfb></usr/share/texlive/texmf-dist/fonts/type1/publ
ic/cm-super/sftt1095.pfb>
Output written on reproduction.pdf (31 pages, 9129630 bytes).
Transcript written on reproduction.log.
Latexmk: Log file says output to 'reproduction.pdf'
=== TeX engine is 'pdfTeX'
Latexmk: All targets () are up-to-date
report/latex-source.zip {'archive': 'report/latex-source.zip', 'bytes': 17342888, 'sha256': 'f16f05995fc348cc83eb2fbb93216d1dcd570534b763752ae113226a6a0d6bb6', 'isolated_compile': True, 'command': ['latexmk', '-pdf', '-interaction=nonstopmode', '-halt-on-error', 'reproduction-complete.tex'], 'source_files': {'report/comparisons.tex': '7c901589bc8e7d43f313f05663449350eedb2ca340fec0bd1c7f5b8283b20ca7', 'report/execution.tex': 'ab62cbe9cf2ad5c63845015deca58cdd7fd68ce0e01a6365cd8abc15ed363314', 'report/figure_pages.tex': 'f9eb9cf81ee04aee9c5b1824e221fe688ce190878bea09ca68fdcd6184452b2b', 'report/provenance.tex': '0ea81fdd7b6c869641cd0eff8856901f3c6d62e0f8b094fdf9d0c97274f6e54d', 'report/reproduction-complete.tex': 'b71b45bc6e661663c8a93bbec4a4a94b7843f6efe112c89f562db9a0384bc9bd', 'report/reproduction.tex': '1591af91bdac1830d8978e3ba6c325e0afeafa80a6a4ba20d854d62bb093e5c9', 'report/summary.tex': '925172be8bdc98d4ef8f5b86d7fb06b3c321cc07e4eb3b3cc9d24d3636726079', 'report/verification.tex': 'aa18b62ac9c7866dca254cbdc578c8d4d579948b204f42546215f7a147f1d61b', 'figures/F1.pdf': '05dbdbe73e29b4597d6411f39f2ea146ed6abb1ea8af21055925e561889bc3f9', 'figures/F2.pdf': '5308dbec81934c11db9be5d34caa14e8a5326d9b9003589c63835363f90b626a', 'figures/S3.pdf': '23621813a4b9117df8ac9fff9ae172fc65cf6202f290c08f18b7327f88e3f0ef', 'figures/S5.pdf': '9d0b571086f0feb8ecb092f079ac53579ec919265090c34b1426111145f84b74', 'figures/F3.pdf': 'b0dadedbdedba8ef8e8983bc3f05eb1c8a28bad4f7fd71f4fec9f967ea535880', 'figures/S4.pdf': '7429773c8d3683fd45cf0decaa889f10509dadcbc598ed802a9c6bd2d9c28bf0', 'figures/S6.pdf': '2261272a5cf03a2c175de72d88730e11351d427bd53559584ad60e8a8f59d265', 'figures/F4.pdf': '41416042f19d88c8f129adaa97fbb41cede82255914d3579be5c6bb8ee3b5dfa', 'figures/F5.pdf': '1be7a97c21f0bbe88eb2ed5b0f29bd61eec67f4bf6e72e071a4d6a68d8599e1e', 'figures/F6.pdf': '08d97d68302bd66fc3f6f4a36675cf5972303bfaf7ed2235d495efd3b6cfd96a', 'figures/S1.pdf': '882914b2a74f0ef0419c7c99b94ec1b8c8e83e6518a0fc8246f4abde0b567848', 'figures/S2.pdf': '077f21d2e27b44a09ce75ff87bf190b7f4f4f18320bb3616aacf7b1e420206f8', 'report/reproduction.pdf': '15514b56e0316b9782c1409bbe9f0bb5c77958a04680267274b791ffba0df74c'}}
VERIFIED reference 13 accepted steps; 6 saved profiles
VERIFIED baseline 13 accepted steps; 6 saved profiles
VERIFIED short 13 accepted steps; 6 saved profiles
VERIFIED long 13 accepted steps; 6 saved profiles
VERIFIED long_reference 13 accepted steps; 6 saved profiles
VERIFIED verylong 13 accepted steps; 6 saved profiles
VERIFIED verylong_reference 13 accepted steps; 6 saved profiles
VERIFIED baseline_coarse 13 accepted steps; 6 saved profiles
VERIFIED baseline_fine 13 accepted steps; 6 saved profiles
VERIFIED baseline_tight 13 accepted steps; 6 saved profiles
VERIFIED initialization 13 accepted steps; 6 saved profiles
VERIFIED normal_stress 13 accepted steps; 6 saved profiles
VERIFIED: 12 completed numerical cases, 49 panel datasets, 49 individual panel figures, 12 figure groups, compiled report.
