-- Configuring done (0.0s)
-- Generating done (0.0s)
-- Build files have been written to: /home/bradlipovsky/notebooks/zhu2020-independent/build
[ 12%] Building CXX object CMakeFiles/graded_test.dir/tests/graded.cpp.o
[ 25%] Building CXX object CMakeFiles/valving.dir/src/model.cpp.o
[ 50%] Building CXX object CMakeFiles/coupled_test.dir/tests/coupled.cpp.o
[ 50%] Building CXX object CMakeFiles/steady_test.dir/tests/steady.cpp.o
[ 62%] Linking CXX executable coupled_test
[ 62%] Built target coupled_test
[ 75%] Linking CXX executable valving
[ 75%] Built target valving
[ 87%] Linking CXX executable steady_test
[ 87%] Built target steady_test
[100%] Linking CXX executable graded_test
[100%] Built target graded_test
Internal ctest changing into directory: /home/bradlipovsky/notebooks/zhu2020-independent/build
Test project /home/bradlipovsky/notebooks/zhu2020-independent/build
    Start 1: equations_and_limits
1/4 Test #1: equations_and_limits .............   Passed    0.02 sec
    Start 2: nonlinear_coupling
2/4 Test #2: nonlinear_coupling ...............   Passed    1.81 sec
    Start 3: analytical_steady_flow
3/4 Test #3: analytical_steady_flow ...........   Passed    0.03 sec
    Start 4: graded_mesh
4/4 Test #4: graded_mesh ......................   Passed    0.26 sec

100% tests passed, 0 tests failed out of 4

Total Test time (real) =   2.13 sec
Plotting dependencies: 1.19.5 3.3.4
