{
  "restart_T1e10_n16384": {
    "case": "T1e10",
    "end_years": 180.0,
    "spacing_m": 35.3364673482666,
    "offset_years": 4.002094756385144,
    "comparison_years": 180.0,
    "complete": true,
    "effective_normal_stress": {
      "rms": 0.8986059748046141,
      "final_rms": 0.207642697638393,
      "maximum_absolute": 5.976446556627934
    },
    "permeability": {
      "rms": 0.04255422900428483,
      "final_rms": 0.020777280832568537,
      "maximum_absolute": 0.18208170922590305
    },
    "slip_velocity": {
      "rms": 0.6622356448223052,
      "final_rms": 0.3598065499902196,
      "maximum_absolute": 6.12847326088613
    },
    "slip": {
      "rms": 1.2187092020576955,
      "final_rms": 0.5729495846949421,
      "maximum_absolute": 4.841912000468374
    }
  },
  "restart_T1e7_n16384": {
    "case": "T1e7",
    "end_years": 48.0,
    "spacing_m": 35.3364673482666,
    "offset_years": 3.9890052490008174,
    "comparison_years": 44.81833715681217,
    "complete": true,
    "effective_normal_stress": {
      "rms": 0.2522385245257188,
      "final_rms": 0.2468835243059702,
      "maximum_absolute": 5.240549341117703
    },
    "permeability": {
      "rms": 0.17518260884733364,
      "final_rms": 0.11546634471228195,
      "maximum_absolute": 2.173494966112173
    },
    "slip_velocity": {
      "rms": 0.2991012509367111,
      "final_rms": 0.21326194829994258,
      "maximum_absolute": 6.094417149452692
    },
    "slip": {
      "rms": 0.008535445887617675,
      "final_rms": 0.010337068467657428,
      "maximum_absolute": 0.15731649373288192
    }
  },
  "restart_T1e8_n16384": {
    "case": "T1e8",
    "end_years": 35.0,
    "spacing_m": 35.3364673482666,
    "offset_years": 3.9184925088129146,
    "comparison_years": 35.0,
    "complete": true,
    "effective_normal_stress": {
      "rms": 2.90365086592101,
      "final_rms": 4.10473339558599,
      "maximum_absolute": 25.476819635320602
    },
    "permeability": {
      "rms": 0.3746128803126474,
      "final_rms": 0.2052595873581839,
      "maximum_absolute": 3.467713649875682
    },
    "slip_velocity": {
      "rms": 1.3073370345347277,
      "final_rms": 1.1302540129133432,
      "maximum_absolute": 13.72010069618933
    },
    "slip": {
      "rms": 0.20691466792708085,
      "final_rms": 0.3892631988414072,
      "maximum_absolute": 0.9554204227331584
    }
  },
  "restart_T1e8_n32768": {
    "case": "T1e8",
    "end_years": 16.0,
    "spacing_m": 17.6682336741333,
    "offset_years": 3.9184925088129146,
    "comparison_years": 16.0,
    "complete": true,
    "effective_normal_stress": {
      "rms": 0.6629432200695156,
      "final_rms": 1.958390780893419,
      "maximum_absolute": 21.22881116645861
    },
    "permeability": {
      "rms": 0.06205335759979902,
      "final_rms": 0.1712873254406878,
      "maximum_absolute": 1.9472797584929573
    },
    "slip_velocity": {
      "rms": 0.3012816826432741,
      "final_rms": 0.845929568858467,
      "maximum_absolute": 9.288871539395654
    },
    "slip": {
      "rms": 0.013042970740792564,
      "final_rms": 0.02782289348745511,
      "maximum_absolute": 0.31822234175956765
    }
  },
  "restart_T1e8_n8192": {
    "case": "T1e8",
    "end_years": 35.0,
    "spacing_m": 70.6729346965332,
    "offset_years": 3.9184925088129146,
    "comparison_years": 35.0,
    "complete": true,
    "effective_normal_stress": {
      "rms": 3.1240717935276505,
      "final_rms": 3.105301959761475,
      "maximum_absolute": 25.50814370703055
    },
    "permeability": {
      "rms": 0.4167671475246927,
      "final_rms": 0.2268563928358229,
      "maximum_absolute": 3.534051796100375
    },
    "slip_velocity": {
      "rms": 1.4128031438054847,
      "final_rms": 0.9618415101783016,
      "maximum_absolute": 15.743590389466835
    },
    "slip": {
      "rms": 0.16689627337196242,
      "final_rms": 0.2104209903936067,
      "maximum_absolute": 1.3088897045845296
    }
  },
  "restart_T1e9_n16384": {
    "case": "T1e9",
    "end_years": 80.0,
    "spacing_m": 35.3364673482666,
    "offset_years": 3.9952152283824924,
    "comparison_years": 80.0,
    "complete": true,
    "effective_normal_stress": {
      "rms": 1.9362768513398247,
      "final_rms": 1.5902883323159205,
      "maximum_absolute": 17.440227277056657
    },
    "permeability": {
      "rms": 0.1454342567252822,
      "final_rms": 0.07229468705246161,
      "maximum_absolute": 0.9898683317206736
    },
    "slip_velocity": {
      "rms": 0.630818053587921,
      "final_rms": 0.5204697493539238,
      "maximum_absolute": 7.705646330195773
    },
    "slip": {
      "rms": 0.5173231838953106,
      "final_rms": 0.5628801413676049,
      "maximum_absolute": 3.1767576258169954
    }
  }
}
