Latexmk: This is Latexmk, John Collins, 18 June 2019, version: 4.65.
Latexmk: Changing directory to 'report/'
Rule 'pdflatex': File changes, etc:
   Changed files, or newly in use since previous run(s):
      'reproduction.tex'
------------
Run number 1 of rule 'pdflatex'
------------
------------
Running 'pdflatex  -interaction=nonstopmode -halt-on-error -recorder  "reproduction.tex"'
------------
Latexmk: applying rule 'pdflatex'...
This is pdfTeX, Version 3.14159265-2.6-1.40.19 (TeX Live 2018) (preloaded format=pdflatex)
 restricted \write18 enabled.
entering extended mode
(./reproduction.tex
LaTeX2e <2017-04-15>
Babel <3.17> and hyphenation patterns for 3 language(s) loaded.
(/usr/share/texlive/texmf-dist/tex/latex/base/article.cls
Document Class: article 2014/09/29 v1.4h Standard LaTeX document class
(/usr/share/texlive/texmf-dist/tex/latex/base/size11.clo))
(/usr/share/texlive/texmf-dist/tex/latex/geometry/geometry.sty
(/usr/share/texlive/texmf-dist/tex/latex/graphics/keyval.sty)
(/usr/share/texlive/texmf-dist/tex/generic/oberdiek/ifpdf.sty)
(/usr/share/texlive/texmf-dist/tex/generic/oberdiek/ifvtex.sty)
(/usr/share/texlive/texmf-dist/tex/generic/ifxetex/ifxetex.sty))
(/usr/share/texlive/texmf-dist/tex/latex/base/fontenc.sty
(/usr/share/texlive/texmf-dist/tex/latex/base/t1enc.def))
(/usr/share/texlive/texmf-dist/tex/latex/lm/lmodern.sty)
(/usr/share/texlive/texmf-dist/tex/latex/amsmath/amsmath.sty
For additional information on amsmath, use the `?' option.
(/usr/share/texlive/texmf-dist/tex/latex/amsmath/amstext.sty
(/usr/share/texlive/texmf-dist/tex/latex/amsmath/amsgen.sty))
(/usr/share/texlive/texmf-dist/tex/latex/amsmath/amsbsy.sty)
(/usr/share/texlive/texmf-dist/tex/latex/amsmath/amsopn.sty))
(/usr/share/texlive/texmf-dist/tex/latex/amsfonts/amssymb.sty
(/usr/share/texlive/texmf-dist/tex/latex/amsfonts/amsfonts.sty))
(/usr/share/texlive/texmf-dist/tex/latex/graphics/graphicx.sty
(/usr/share/texlive/texmf-dist/tex/latex/graphics/graphics.sty
(/usr/share/texlive/texmf-dist/tex/latex/graphics/trig.sty)
(/usr/share/texlive/texmf-dist/tex/latex/graphics-cfg/graphics.cfg)
(/usr/share/texlive/texmf-dist/tex/latex/graphics-def/pdftex.def)))
(/usr/share/texlive/texmf-dist/tex/latex/booktabs/booktabs.sty)
(/usr/share/texlive/texmf-dist/tex/latex/tools/array.sty)
(/usr/share/texlive/texmf-dist/tex/latex/float/float.sty)
(/usr/share/texlive/texmf-dist/tex/latex/hyperref/hyperref.sty
(/usr/share/texlive/texmf-dist/tex/generic/oberdiek/hobsub-hyperref.sty
(/usr/share/texlive/texmf-dist/tex/generic/oberdiek/hobsub-generic.sty))
(/usr/share/texlive/texmf-dist/tex/latex/oberdiek/auxhook.sty)
(/usr/share/texlive/texmf-dist/tex/latex/oberdiek/kvoptions.sty)
(/usr/share/texlive/texmf-dist/tex/latex/hyperref/pd1enc.def)
(/usr/share/texlive/texmf-dist/tex/latex/latexconfig/hyperref.cfg)
(/usr/share/texlive/texmf-dist/tex/latex/url/url.sty))

Package hyperref Message: Driver (autodetected): hpdftex.

(/usr/share/texlive/texmf-dist/tex/latex/hyperref/hpdftex.def
(/usr/share/texlive/texmf-dist/tex/latex/oberdiek/rerunfilecheck.sty))
(/usr/share/texlive/texmf-dist/tex/latex/caption/caption.sty
(/usr/share/texlive/texmf-dist/tex/latex/caption/caption3.sty))
(./reproduction.aux) (/usr/share/texlive/texmf-dist/tex/latex/lm/t1lmr.fd)
*geometry* driver: auto-detecting
*geometry* detected driver: pdftex
(/usr/share/texlive/texmf-dist/tex/context/base/mkii/supp-pdf.mkii
[Loading MPS to PDF converter (version 2006.09.02).]
) (/usr/share/texlive/texmf-dist/tex/latex/oberdiek/epstopdf-base.sty
(/usr/share/texlive/texmf-dist/tex/latex/oberdiek/grfext.sty)
(/usr/share/texlive/texmf-dist/tex/latex/latexconfig/epstopdf-sys.cfg))
(/usr/share/texlive/texmf-dist/tex/latex/graphics/color.sty
(/usr/share/texlive/texmf-dist/tex/latex/graphics-cfg/color.cfg))
(/usr/share/texlive/texmf-dist/tex/latex/hyperref/nameref.sty
(/usr/share/texlive/texmf-dist/tex/generic/oberdiek/gettitlestring.sty))
(./reproduction.out) (./reproduction.out)
(/usr/share/texlive/texmf-dist/tex/latex/lm/ot1lmr.fd)
(/usr/share/texlive/texmf-dist/tex/latex/lm/omllmm.fd)
(/usr/share/texlive/texmf-dist/tex/latex/lm/omslmsy.fd)
(/usr/share/texlive/texmf-dist/tex/latex/lm/omxlmex.fd)
(/usr/share/texlive/texmf-dist/tex/latex/amsfonts/umsa.fd)
(/usr/share/texlive/texmf-dist/tex/latex/amsfonts/umsb.fd)
(/usr/share/texlive/texmf-dist/tex/latex/lm/t1lmtt.fd)
Underfull \hbox (badness 10000) in paragraph at lines 65--65
[]|\T1/lmr/m/n/10 Advancing fronts ex-tracted from

Underfull \hbox (badness 1286) in paragraph at lines 65--66
[]|\T1/lmr/m/n/10 Qualitative re-con-struc-tion with de-clared

Underfull \hbox (badness 1688) in paragraph at lines 66--67
[]|\T1/lmr/m/n/10 Archived re-sults re-cov-ered with re-vised

Underfull \hbox (badness 1107) in paragraph at lines 67--68
[]|\T1/lmr/m/n/10 Independent nu-mer-i-cal in-te-gra-tion, with

LaTeX Warning: `h' float specifier changed to `ht'.

[1{/usr/share/texlive/texmf-dist/fonts/map/pdftex/updmap/pdftex.map}] [2]
[3] [4] (./simulation_results.tex) (./event_timing.tex)

LaTeX Warning: `h' float specifier changed to `ht'.

[5] [6] [7] [8 <../figures/figure1.pdf>] [9 <../figures/figure2.pdf>] [10 <../f
igures/figure3.pdf>] [11 <../figures/figure4.pdf>] [12 <../figures/figure5.pdf>
] [13 <../figures/figure6.pdf>] [14 <../figures/supplement1.pdf>] [15 <../figur
es/supplement2.pdf>] [16 <../figures/supplement3.pdf>] [17 <../figures/suppleme
nt4.pdf>] [18 <../figures/supplement5.pdf>] [19 <../figures/supplement6.pdf>]
[20 <../figures/cpp_cycle.pdf>] [21 <../figures/cpp_comparison.pdf>] [22 <../fi
gures/cpp_healing_cases.pdf>] [23 <../figures/cpp_time_accuracy.pdf>] [24 <../f
igures/cpp_hydraulics.pdf>] (./reproduction.aux) )
(see the transcript file for additional information){/usr/share/texlive/texmf-d
ist/fonts/enc/dvips/lm/lm-ec.enc}{/usr/share/texlive/texmf-dist/fonts/enc/dvips
/lm/lm-mathit.enc}{/usr/share/texlive/texmf-dist/fonts/enc/dvips/lm/lm-mathsy.e
nc}{/usr/share/texlive/texmf-dist/fonts/enc/dvips/lm/lm-rm.enc}{/usr/share/texl
ive/texmf-dist/fonts/enc/dvips/lm/lm-mathex.enc}</usr/share/texlive/texmf-dist/
fonts/type1/public/lm/lmbx10.pfb></usr/share/texlive/texmf-dist/fonts/type1/pub
lic/lm/lmbx12.pfb></usr/share/texlive/texmf-dist/fonts/type1/public/lm/lmex10.p
fb></usr/share/texlive/texmf-dist/fonts/type1/public/lm/lmmi10.pfb></usr/share/
texlive/texmf-dist/fonts/type1/public/lm/lmmi7.pfb></usr/share/texlive/texmf-di
st/fonts/type1/public/lm/lmmi8.pfb></usr/share/texlive/texmf-dist/fonts/type1/p
ublic/lm/lmr10.pfb></usr/share/texlive/texmf-dist/fonts/type1/public/lm/lmr12.p
fb></usr/share/texlive/texmf-dist/fonts/type1/public/lm/lmr17.pfb></usr/share/t
exlive/texmf-dist/fonts/type1/public/lm/lmr6.pfb></usr/share/texlive/texmf-dist
/fonts/type1/public/lm/lmr7.pfb></usr/share/texlive/texmf-dist/fonts/type1/publ
ic/lm/lmr8.pfb></usr/share/texlive/texmf-dist/fonts/type1/public/lm/lmri10.pfb>
</usr/share/texlive/texmf-dist/fonts/type1/public/lm/lmsy10.pfb></usr/share/tex
live/texmf-dist/fonts/type1/public/lm/lmsy6.pfb></usr/share/texlive/texmf-dist/
fonts/type1/public/lm/lmsy7.pfb></usr/share/texlive/texmf-dist/fonts/type1/publ
ic/lm/lmsy8.pfb></usr/share/texlive/texmf-dist/fonts/type1/public/lm/lmtt10.pfb
>
Output written on reproduction.pdf (24 pages, 15671930 bytes).
Transcript written on reproduction.log.
Latexmk: Log file says output to 'reproduction.pdf'
Latexmk: Undoing directory change
=== TeX engine is 'pdfTeX'
Latexmk: All targets () are up-to-date
