t_year=0.3040526 dt=257833.1 Vmax=2.771962e-09 accepted=43 rejected=0 wall_s=29.73249
t_year=0.5193409 dt=141159.3 Vmax=3.981191e-09 accepted=80 rejected=0 wall_s=60.14559
t_year=0.6894683 dt=116299.3 Vmax=5.077692e-09 accepted=122 rejected=0 wall_s=90.2145
t_year=0.8367486 dt=109409.2 Vmax=5.959035e-09 accepted=165 rejected=0 wall_s=120.5389
t_year=0.9658456 dt=83254.3 Vmax=6.091787e-09 accepted=208 rejected=0 wall_s=151.1039
t_year=1.082244 dt=76739.64 Vmax=7.006537e-09 accepted=251 rejected=0 wall_s=181.1983
t_year=1.19198 dt=69622.36 Vmax=7.392063e-09 accepted=295 rejected=0 wall_s=211.811
t_year=1.2926 dt=72096.26 Vmax=8.394299e-09 accepted=338 rejected=0 wall_s=241.8449
t_year=1.388344 dt=66692 Vmax=8.884742e-09 accepted=382 rejected=0 wall_s=272.4316
t_year=1.477029 dt=70380.6 Vmax=9.539962e-09 accepted=424 rejected=0 wall_s=302.743
t_year=1.56561 dt=58543.77 Vmax=9.185921e-09 accepted=468 rejected=0 wall_s=333.293
t_year=1.649017 dt=55050.14 Vmax=9.306256e-09 accepted=511 rejected=0 wall_s=363.337
t_year=1.730491 dt=55267.99 Vmax=9.940804e-09 accepted=554 rejected=0 wall_s=393.473
t_year=1.810392 dt=55637.15 Vmax=1.029444e-08 accepted=597 rejected=0 wall_s=423.7645
t_year=1.888927 dt=54841.86 Vmax=1.051001e-08 accepted=640 rejected=0 wall_s=454.0643
t_year=1.966453 dt=53046.61 Vmax=1.049463e-08 accepted=683 rejected=0 wall_s=484.3394
t_year=2.043262 dt=51163.38 Vmax=1.035724e-08 accepted=726 rejected=0 wall_s=514.666
t_year=2.119596 dt=50714.35 Vmax=9.971232e-09 accepted=769 rejected=0 wall_s=545.0206
t_year=2.216664 dt=56374.8 Vmax=1.117427e-08 accepted=824 rejected=0 wall_s=575.3312
t_year=2.291901 dt=61481.84 Vmax=1.120346e-08 accepted=867 rejected=0 wall_s=605.6481
t_year=2.366653 dt=55863.91 Vmax=1.098586e-08 accepted=910 rejected=0 wall_s=635.886
t_year=2.442227 dt=50509.58 Vmax=1.04442e-08 accepted=953 rejected=0 wall_s=666.146
t_year=2.518207 dt=54720.04 Vmax=1.064002e-08 accepted=996 rejected=0 wall_s=696.508
t_year=2.592197 dt=58634.83 Vmax=1.10944e-08 accepted=1038 rejected=0 wall_s=727.0938
t_year=2.65915 dt=51813.09 Vmax=1.001419e-08 accepted=1076 rejected=0 wall_s=757.1363
t_year=2.726498 dt=63192.45 Vmax=1.083678e-08 accepted=1114 rejected=0 wall_s=787.3029
t_year=2.801444 dt=51801.46 Vmax=1.013873e-08 accepted=1156 rejected=0 wall_s=817.6245
t_year=2.879076 dt=56074.86 Vmax=1.063558e-08 accepted=1199 rejected=0 wall_s=847.9735
t_year=2.956809 dt=62192.54 Vmax=1.063155e-08 accepted=1242 rejected=0 wall_s=878.4834
t_year=3.032981 dt=53412.93 Vmax=1.005027e-08 accepted=1284 rejected=0 wall_s=908.51
t_year=3.110651 dt=57569.63 Vmax=1.041932e-08 accepted=1326 rejected=0 wall_s=938.5622
t_year=3.18808 dt=63597.24 Vmax=1.01807e-08 accepted=1368 rejected=0 wall_s=968.8976
t_year=3.266913 dt=56216.57 Vmax=9.391148e-09 accepted=1410 rejected=0 wall_s=999.3077
t_year=3.346466 dt=60845.22 Vmax=1.013846e-08 accepted=1452 rejected=0 wall_s=1029.649
t_year=3.426097 dt=57789.56 Vmax=9.653647e-09 accepted=1494 rejected=0 wall_s=1059.853
t_year=3.505669 dt=60492.11 Vmax=9.866982e-09 accepted=1535 rejected=0 wall_s=1090.321
t_year=3.585046 dt=61949.47 Vmax=9.485406e-09 accepted=1576 rejected=0 wall_s=1121.027
t_year=3.666347 dt=62117.18 Vmax=9.502582e-09 accepted=1617 rejected=0 wall_s=1151.479
t_year=3.771844 dt=59286.52 Vmax=9.000726e-09 accepted=1670 rejected=0 wall_s=1181.528
t_year=3.857111 dt=63685.61 Vmax=9.368996e-09 accepted=1712 rejected=0 wall_s=1211.823
t_year=3.942679 dt=64990.25 Vmax=8.914943e-09 accepted=1754 rejected=0 wall_s=1242.304
t_year=4.030243 dt=66633.92 Vmax=8.840722e-09 accepted=1796 rejected=0 wall_s=1272.96
t_year=4.116244 dt=72304.8 Vmax=8.734475e-09 accepted=1837 rejected=0 wall_s=1303.013
t_year=4.203684 dt=69188.83 Vmax=8.392709e-09 accepted=1878 rejected=0 wall_s=1333.054
t_year=4.294208 dt=69307.12 Vmax=8.600228e-09 accepted=1920 rejected=0 wall_s=1363.578
t_year=4.385869 dt=65528.44 Vmax=8.104301e-09 accepted=1962 rejected=0 wall_s=1394.12
t_year=4.479128 dt=69896.31 Vmax=8.436431e-09 accepted=2004 rejected=0 wall_s=1424.702
t_year=4.5734 dt=72484.58 Vmax=7.964587e-09 accepted=2046 rejected=0 wall_s=1455.258
t_year=4.66964 dt=75684.34 Vmax=7.86787e-09 accepted=2088 rejected=0 wall_s=1485.732
t_year=4.766816 dt=73749.8 Vmax=7.886383e-09 accepted=2130 rejected=0 wall_s=1516.228
t_year=4.865614 dt=70980.11 Vmax=7.427444e-09 accepted=2172 rejected=0 wall_s=1546.73
t_year=4.96341 dt=74844.19 Vmax=7.748851e-09 accepted=2213 rejected=0 wall_s=1576.806
t_year=5.062682 dt=73749.39 Vmax=7.227696e-09 accepted=2254 rejected=0 wall_s=1607.057
t_year=5.163574 dt=78517.31 Vmax=7.511935e-09 accepted=2295 rejected=0 wall_s=1637.374
t_year=5.266085 dt=79705.12 Vmax=7.02372e-09 accepted=2336 rejected=0 wall_s=1667.619
t_year=5.370312 dt=84542.06 Vmax=7.126317e-09 accepted=2377 rejected=0 wall_s=1697.835
t_year=5.47599 dt=81867.78 Vmax=6.891552e-09 accepted=2418 rejected=0 wall_s=1728.246
t_year=5.583675 dt=84921.57 Vmax=6.491542e-09 accepted=2459 rejected=0 wall_s=1758.762
t_year=5.689565 dt=82108.26 Vmax=6.725108e-09 accepted=2499 rejected=0 wall_s=1788.899
t_year=5.800549 dt=83062.31 Vmax=6.307285e-09 accepted=2540 rejected=0 wall_s=1819.545
t_year=5.909585 dt=84505.65 Vmax=6.621835e-09 accepted=2580 rejected=0 wall_s=1850.085
t_year=6.021321 dt=84626.29 Vmax=6.111871e-09 accepted=2620 rejected=0 wall_s=1880.503
t_year=6.136399 dt=89866.61 Vmax=6.476244e-09 accepted=2661 rejected=0 wall_s=1911.169
t_year=6.248535 dt=86684.08 Vmax=5.932898e-09 accepted=2700 rejected=0 wall_s=1941.194
t_year=6.36397 dt=92723.13 Vmax=6.293454e-09 accepted=2740 rejected=0 wall_s=1971.62
t_year=6.479197 dt=88997.21 Vmax=5.749592e-09 accepted=2779 rejected=0 wall_s=2001.827
t_year=6.597475 dt=96244.17 Vmax=6.130399e-09 accepted=2819 rejected=0 wall_s=2032.537
t_year=6.715437 dt=91275.01 Vmax=5.607188e-09 accepted=2858 rejected=0 wall_s=2063.152
t_year=6.833082 dt=97089.44 Vmax=6.005184e-09 accepted=2897 rejected=0 wall_s=2093.21
t_year=6.953278 dt=92311.9 Vmax=5.481778e-09 accepted=2936 rejected=0 wall_s=2123.944
t_year=7.072301 dt=97490.45 Vmax=5.920282e-09 accepted=2975 rejected=0 wall_s=2154.178
t_year=7.190739 dt=93560.38 Vmax=5.390913e-09 accepted=3013 rejected=0 wall_s=2184.408
t_year=7.306685 dt=91192.8 Vmax=5.78081e-09 accepted=3051 rejected=0 wall_s=2215.148
t_year=7.421249 dt=113239.4 Vmax=5.757476e-09 accepted=3088 rejected=0 wall_s=2245.342
t_year=7.52382 dt=95682.7 Vmax=5.424048e-09 accepted=3122 rejected=2 wall_s=2275.893
t_year=7.6762 dt=88470.62 Vmax=5.653117e-09 accepted=3173 rejected=2 wall_s=2306.442
t_year=7.774364 dt=83352.78 Vmax=5.892883e-09 accepted=3207 rejected=4 wall_s=2336.604
t_year=7.873438 dt=85762.37 Vmax=6.282169e-09 accepted=3242 rejected=6 wall_s=2367.24
t_year=7.975106 dt=100635.7 Vmax=6.438299e-09 accepted=3278 rejected=7 wall_s=2397.508
t_year=8.078068 dt=82218.5 Vmax=5.948787e-09 accepted=3315 rejected=7 wall_s=2428.084
t_year=8.177526 dt=76340.76 Vmax=6.326681e-09 accepted=3352 rejected=7 wall_s=2458.6
t_year=8.267695 dt=77535.22 Vmax=6.472489e-09 accepted=3386 rejected=9 wall_s=2488.698
t_year=8.363936 dt=89733.07 Vmax=6.718407e-09 accepted=3422 rejected=10 wall_s=2519.256
t_year=8.458956 dt=102629.1 Vmax=6.508518e-09 accepted=3457 rejected=11 wall_s=2549.404
t_year=8.550977 dt=80699.23 Vmax=6.216321e-09 accepted=3491 rejected=13 wall_s=2580.64
t_year=8.646684 dt=86033.08 Vmax=5.748293e-09 accepted=3526 rejected=14 wall_s=2611.075
t_year=8.742564 dt=82022.64 Vmax=5.743381e-09 accepted=3561 rejected=15 wall_s=2641.759
t_year=8.835577 dt=78295.43 Vmax=5.759548e-09 accepted=3595 rejected=17 wall_s=2672.408
t_year=8.928844 dt=76327.84 Vmax=5.8065e-09 accepted=3629 rejected=19 wall_s=2703.049
t_year=9.022337 dt=75956.85 Vmax=5.875936e-09 accepted=3663 rejected=21 wall_s=2733.721
t_year=9.113636 dt=75831.72 Vmax=5.847905e-09 accepted=3696 rejected=23 wall_s=2763.731
t_year=9.205159 dt=75709.8 Vmax=5.817235e-09 accepted=3729 rejected=25 wall_s=2794.406
t_year=9.296915 dt=75597.37 Vmax=5.782439e-09 accepted=3762 rejected=27 wall_s=2824.699
t_year=9.391876 dt=77163.19 Vmax=5.878864e-09 accepted=3796 rejected=28 wall_s=2854.884
t_year=9.484182 dt=77057.36 Vmax=5.831478e-09 accepted=3829 rejected=30 wall_s=2885.263
t_year=9.577507 dt=77520.6 Vmax=5.78365e-09 accepted=3862 rejected=31 wall_s=2915.391
t_year=9.670912 dt=77367.83 Vmax=5.717605e-09 accepted=3895 rejected=33 wall_s=2946.136
t_year=9.765259 dt=77463.28 Vmax=5.7065e-09 accepted=3928 rejected=34 wall_s=2976.688
t_year=9.862535 dt=80233.48 Vmax=5.750464e-09 accepted=3962 rejected=35 wall_s=3007.369
t_year=9.954583 dt=76976.73 Vmax=5.557967e-09 accepted=3994 rejected=37 wall_s=3037.786
t_year=10.05017 dt=76906.91 Vmax=5.500993e-09 accepted=4027 rejected=38 wall_s=3068.118
t_year=10.14623 dt=76810.48 Vmax=5.465083e-09 accepted=4060 rejected=39 wall_s=3098.45
t_year=10.24037 dt=76153.41 Vmax=5.265383e-09 accepted=4092 rejected=40 wall_s=3129.036
t_year=10.32672 dt=96299.65 Vmax=4.984836e-09 accepted=4121 rejected=42 wall_s=3159.31
t_year=10.42114 dt=106664 Vmax=5.169431e-09 accepted=4153 rejected=43 wall_s=3190.164
t_year=10.51912 dt=112034.7 Vmax=5.129355e-09 accepted=4186 rejected=44 wall_s=3220.648
t_year=10.64004 dt=79726.54 Vmax=5.321101e-09 accepted=4228 rejected=48 wall_s=3251.523
t_year=10.71972 dt=110753.2 Vmax=5.040626e-09 accepted=4254 rejected=51 wall_s=3281.796
t_year=10.80601 dt=113248.4 Vmax=5.589963e-09 accepted=4284 rejected=54 wall_s=3312.519
t_year=10.89173 dt=80002.31 Vmax=5.164674e-09 accepted=4313 rejected=58 wall_s=3343.012
t_year=10.97189 dt=92195.03 Vmax=4.999111e-09 accepted=4339 rejected=62 wall_s=3373.637
t_year=11.04921 dt=87133.96 Vmax=5.279469e-09 accepted=4366 rejected=65 wall_s=3403.658
t_year=11.13613 dt=83369.89 Vmax=4.660437e-09 accepted=4394 rejected=69 wall_s=3434.064
t_year=11.23314 dt=101709.4 Vmax=4.596491e-09 accepted=4426 rejected=73 wall_s=3464.848
t_year=11.32645 dt=127315.4 Vmax=5.16463e-09 accepted=4457 rejected=75 wall_s=3495.67
t_year=11.41361 dt=93005.67 Vmax=5.233782e-09 accepted=4487 rejected=80 wall_s=3525.786
t_year=11.5086 dt=78023.73 Vmax=4.870083e-09 accepted=4518 rejected=84 wall_s=3556.206
t_year=11.60777 dt=78075.58 Vmax=4.632019e-09 accepted=4550 rejected=87 wall_s=3586.733
t_year=11.70313 dt=100665.1 Vmax=4.541956e-09 accepted=4581 rejected=91 wall_s=3617.014
t_year=11.79947 dt=130738.9 Vmax=5.033641e-09 accepted=4613 rejected=94 wall_s=3647.331
t_year=11.88545 dt=93534.82 Vmax=5.189623e-09 accepted=4643 rejected=99 wall_s=3677.743
t_year=11.97455 dt=76711.01 Vmax=4.57801e-09 accepted=4672 rejected=104 wall_s=3707.8
t_year=12 dt=104043.9 Vmax=5.296117e-09 accepted=4681 rejected=104 wall_s=3715.403
t_year=12.06678 dt=88043.56 Vmax=4.762615e-09 accepted=31 rejected=4 wall_s=29.29592
t_year=12.15579 dt=118056.5 Vmax=5.347e-09 accepted=62 rejected=7 wall_s=59.99652
t_year=12.23552 dt=74358.31 Vmax=4.626757e-09 accepted=89 rejected=13 wall_s=90.5278
t_year=12.33942 dt=72925.14 Vmax=4.670202e-09 accepted=125 rejected=19 wall_s=120.5388
t_year=12.42432 dt=126801.8 Vmax=5.179815e-09 accepted=154 rejected=22 wall_s=150.6451
t_year=12.49795 dt=70776.52 Vmax=4.906326e-09 accepted=181 rejected=28 wall_s=181.1299
t_year=12.5827 dt=86706.95 Vmax=4.889689e-09 accepted=210 rejected=33 wall_s=212.5736
t_year=12.66351 dt=93983.95 Vmax=5.455503e-09 accepted=240 rejected=36 wall_s=242.8746
t_year=12.74331 dt=81626 Vmax=4.577043e-09 accepted=267 rejected=41 wall_s=272.926
t_year=12.83043 dt=124174.5 Vmax=5.298967e-09 accepted=298 rejected=43 wall_s=303.2838
t_year=12.90509 dt=69112.69 Vmax=4.69911e-09 accepted=325 rejected=49 wall_s=334.1561
t_year=12.99382 dt=90736 Vmax=4.789723e-09 accepted=355 rejected=52 wall_s=365.3251
t_year=13.06998 dt=76946.08 Vmax=4.919088e-09 accepted=383 rejected=56 wall_s=395.6089
t_year=13.1559 dt=81490.05 Vmax=4.475369e-09 accepted=411 rejected=61 wall_s=426.3721
t_year=13.23992 dt=103794.9 Vmax=5.036807e-09 accepted=441 rejected=64 wall_s=456.7639
t_year=13.32075 dt=93136.15 Vmax=4.228063e-09 accepted=467 rejected=70 wall_s=486.8907
t_year=13.40778 dt=123328.8 Vmax=4.936328e-09 accepted=497 rejected=72 wall_s=517.2651
t_year=13.49185 dt=74761.87 Vmax=4.200357e-09 accepted=524 rejected=76 wall_s=547.8296
t_year=13.58438 dt=143447.8 Vmax=4.560894e-09 accepted=554 rejected=80 wall_s=578.763
t_year=13.6634 dt=74384.38 Vmax=4.268444e-09 accepted=581 rejected=86 wall_s=609.1349
t_year=13.75668 dt=98235.92 Vmax=4.23126e-09 accepted=610 rejected=91 wall_s=640.5883
t_year=13.83871 dt=83862.81 Vmax=4.392753e-09 accepted=638 rejected=96 wall_s=670.7017
t_year=13.93175 dt=83684.82 Vmax=3.982363e-09 accepted=666 rejected=102 wall_s=701.0736
t_year=14.04963 dt=97970.01 Vmax=3.827777e-09 accepted=703 rejected=108 wall_s=731.9924
t_year=14.14815 dt=151088.2 Vmax=4.32979e-09 accepted=734 rejected=111 wall_s=762.8945
t_year=14.23485 dt=77837.37 Vmax=3.864845e-09 accepted=761 rejected=117 wall_s=793.6565
t_year=14.33288 dt=115938.8 Vmax=4.025772e-09 accepted=790 rejected=121 wall_s=823.6609
t_year=14.4227 dt=91620.45 Vmax=4.114289e-09 accepted=819 rejected=126 wall_s=854.4094
t_year=14.51705 dt=89418.83 Vmax=3.813789e-09 accepted=846 rejected=132 wall_s=884.8873
t_year=14.61169 dt=125588 Vmax=5.517561e-09 accepted=876 rejected=135 wall_s=914.9481
t_year=14.65276 dt=21896.49 Vmax=3.059964e-08 accepted=897 rejected=147 wall_s=945.3316
t_year=14.66455 dt=4991.098 Vmax=1.150783e-07 accepted=937 rejected=147 wall_s=975.3319
t_year=14.6703 dt=2434.056 Vmax=2.060738e-07 accepted=988 rejected=148 wall_s=1005.48
t_year=14.67723 dt=544.1816 Vmax=1.170702e-06 accepted=1165 rejected=152 wall_s=1035.5
t_year=14.67825 dt=33.27945 Vmax=1.821735e-05 accepted=1338 rejected=169 wall_s=1065.626
t_year=14.67829 dt=0.7017693 Vmax=0.002010464 accepted=1475 rejected=208 wall_s=1095.708
t_year=14.67829 dt=0.004313401 Vmax=0.3944456 accepted=1592 rejected=250 wall_s=1125.737
t_year=14.67829 dt=0.003683585 Vmax=0.810466 accepted=1720 rejected=281 wall_s=1155.923
t_year=14.67829 dt=0.004269661 Vmax=0.4655355 accepted=1842 rejected=317 wall_s=1186.003
t_year=14.67829 dt=0.004556129 Vmax=0.4380074 accepted=1971 rejected=346 wall_s=1216.118
t_year=14.67829 dt=0.006611282 Vmax=0.3075536 accepted=2095 rejected=380 wall_s=1246.178
t_year=14.67829 dt=0.01005071 Vmax=0.1560311 accepted=2216 rejected=417 wall_s=1276.211
t_year=14.67829 dt=0.0263892 Vmax=0.06397557 accepted=2340 rejected=451 wall_s=1306.273
t_year=14.67829 dt=0.184352 Vmax=0.006804216 accepted=2507 rejected=498 wall_s=1336.446
t_year=14.67829 dt=0.4809515 Vmax=0.001210491 accepted=2634 rejected=532 wall_s=1366.673
t_year=14.6783 dt=0.5720893 Vmax=0.0005928764 accepted=2728 rejected=610 wall_s=1396.995
t_year=14.6783 dt=1.834926 Vmax=0.0003071298 accepted=2859 rejected=656 wall_s=1427.136
t_year=14.67832 dt=5.180013 Vmax=9.492056e-05 accepted=3040 rejected=663 wall_s=1457.163
t_year=14.67837 dt=11.5602 Vmax=3.376542e-05 accepted=3214 rejected=671 wall_s=1487.169
t_year=14.67849 dt=41.49522 Vmax=1.455893e-05 accepted=3380 rejected=677 wall_s=1517.198
t_year=14.67877 dt=81.27587 Vmax=5.939241e-06 accepted=3539 rejected=683 wall_s=1547.354
t_year=14.67942 dt=202.0579 Vmax=2.510458e-06 accepted=3697 rejected=691 wall_s=1577.372
t_year=14.6809 dt=441.2544 Vmax=1.176051e-06 accepted=3861 rejected=697 wall_s=1607.538
t_year=14.68432 dt=828.243 Vmax=5.144816e-07 accepted=4032 rejected=699 wall_s=1637.627
t_year=14.69208 dt=1954.648 Vmax=2.311972e-07 accepted=4211 rejected=699 wall_s=1667.689
t_year=14.70143 dt=4271.069 Vmax=1.329089e-07 accepted=4320 rejected=699 wall_s=1697.877
t_year=14.7082 dt=5644.4 Vmax=9.854453e-08 accepted=4364 rejected=699 wall_s=1728.444
t_year=14.71666 dt=7393.732 Vmax=7.14953e-08 accepted=4406 rejected=699 wall_s=1758.664
t_year=14.72696 dt=9578.756 Vmax=6.679358e-08 accepted=4446 rejected=699 wall_s=1789.154
t_year=14.73863 dt=11596.39 Vmax=5.817393e-08 accepted=4483 rejected=700 wall_s=1819.209
t_year=14.75089 dt=12917.88 Vmax=4.78893e-08 accepted=4518 rejected=703 wall_s=1849.502
t_year=14.76356 dt=16292.56 Vmax=4.01938e-08 accepted=4552 rejected=707 wall_s=1879.904
t_year=14.77775 dt=19598.33 Vmax=3.192687e-08 accepted=4587 rejected=710 wall_s=1910.724
t_year=14.79451 dt=9720.04 Vmax=4.217648e-08 accepted=4632 rejected=716 wall_s=1940.814
t_year=14.80808 dt=11657.88 Vmax=4.532267e-08 accepted=4666 rejected=720 wall_s=1971.151
Stopped safely at year 14.81536457172121
Preserved interrupted output in /home/bradlipovsky/notebooks/zhu2020-fault-valving/build/interrupted/restart_T1e8_n32768-20261007T230440490693
Resuming at year 14.81536457172121
t_year=14.82917 dt=13078.62 Vmax=2.723501e-08 accepted=39 rejected=3 wall_s=30.12729
t_year=14.84361 dt=12309.74 Vmax=2.679529e-08 accepted=73 rejected=7 wall_s=60.25505
t_year=14.85874 dt=9853.062 Vmax=3.153714e-08 accepted=109 rejected=10 wall_s=90.79512
t_year=14.87337 dt=10749.2 Vmax=3.575965e-08 accepted=143 rejected=14 wall_s=120.9881
t_year=14.8888 dt=13510.35 Vmax=3.967808e-08 accepted=178 rejected=18 wall_s=151.7601
t_year=14.90421 dt=14731.89 Vmax=3.842978e-08 accepted=212 rejected=22 wall_s=182.001
t_year=14.9199 dt=14922.42 Vmax=3.468398e-08 accepted=246 rejected=26 wall_s=212.1657
t_year=14.93588 dt=16984.98 Vmax=2.99386e-08 accepted=280 rejected=30 wall_s=242.6765
t_year=14.95389 dt=17970.5 Vmax=2.397631e-08 accepted=316 rejected=35 wall_s=273.7621
t_year=14.97015 dt=15526.87 Vmax=2.305247e-08 accepted=350 rejected=41 wall_s=304.2547
t_year=14.98704 dt=11157.14 Vmax=2.663647e-08 accepted=386 rejected=45 wall_s=334.6646
t_year=15.00324 dt=11949.88 Vmax=3.134813e-08 accepted=420 rejected=49 wall_s=365.2624
t_year=15.01985 dt=15032.95 Vmax=3.472094e-08 accepted=454 rejected=53 wall_s=395.613
t_year=15.03681 dt=16231.27 Vmax=3.365158e-08 accepted=488 rejected=57 wall_s=426.1251
t_year=15.05474 dt=16743.93 Vmax=2.916184e-08 accepted=523 rejected=60 wall_s=456.5588
t_year=15.07052 dt=17127.64 Vmax=2.830431e-08 accepted=554 rejected=64 wall_s=487.3119
t_year=15.08836 dt=21694.94 Vmax=2.425586e-08 accepted=588 rejected=68 wall_s=517.9897
t_year=15.11004 dt=11944.84 Vmax=2.496836e-08 accepted=630 rejected=76 wall_s=548.5733
t_year=15.12787 dt=14216.4 Vmax=3.083311e-08 accepted=665 rejected=79 wall_s=578.5989
t_year=15.14638 dt=17365.07 Vmax=3.144722e-08 accepted=700 rejected=82 wall_s=609.0151
t_year=15.16525 dt=17760.89 Vmax=2.698013e-08 accepted=735 rejected=85 wall_s=639.4372
t_year=15.18471 dt=24979.39 Vmax=2.168071e-08 accepted=770 rejected=88 wall_s=670.017
t_year=15.20221 dt=18635.54 Vmax=2.048973e-08 accepted=802 rejected=93 wall_s=700.2713
t_year=15.21997 dt=16533.48 Vmax=2.011488e-08 accepted=835 rejected=98 wall_s=731.0031
t_year=15.23788 dt=12644.16 Vmax=2.244238e-08 accepted=869 rejected=102 wall_s=761.362
t_year=15.25571 dt=13218.67 Vmax=2.702266e-08 accepted=903 rejected=106 wall_s=791.5784
t_year=15.27396 dt=17465.22 Vmax=3.107848e-08 accepted=937 rejected=110 wall_s=821.967
t_year=15.29194 dt=18314.59 Vmax=3.004774e-08 accepted=970 rejected=114 wall_s=851.9841
t_year=15.30948 dt=20150.13 Vmax=2.816873e-08 accepted=1002 rejected=118 wall_s=882.2387
t_year=15.32813 dt=19071.74 Vmax=2.465831e-08 accepted=1036 rejected=122 wall_s=912.2896
t_year=15.34727 dt=25750.73 Vmax=2.070662e-08 accepted=1070 rejected=126 wall_s=942.6298
t_year=15.36466 dt=17143.66 Vmax=1.994236e-08 accepted=1102 rejected=132 wall_s=973.0787
t_year=15.38287 dt=13890.19 Vmax=2.073893e-08 accepted=1136 rejected=136 wall_s=1003.324
t_year=15.4009 dt=12711.26 Vmax=2.606621e-08 accepted=1171 rejected=140 wall_s=1033.954
t_year=15.41868 dt=16427.23 Vmax=3.124153e-08 accepted=1205 rejected=144 wall_s=1064.121
t_year=15.43741 dt=18890.2 Vmax=2.949686e-08 accepted=1240 rejected=147 wall_s=1094.602
t_year=15.45601 dt=18868.68 Vmax=2.506137e-08 accepted=1275 rejected=150 wall_s=1125.304
t_year=15.47798 dt=11761.82 Vmax=2.5326e-08 accepted=1318 rejected=157 wall_s=1155.689
t_year=15.49553 dt=15987.15 Vmax=3.439495e-08 accepted=1354 rejected=160 wall_s=1186.289
t_year=15.51198 dt=16024 Vmax=3.431464e-08 accepted=1388 rejected=164 wall_s=1216.336
t_year=15.52892 dt=16508.5 Vmax=2.9054e-08 accepted=1424 rejected=167 wall_s=1247.041
t_year=15.54365 dt=11812.65 Vmax=2.730952e-08 accepted=1458 rejected=172 wall_s=1277.888
t_year=15.55587 dt=8256.803 Vmax=3.528254e-08 accepted=1493 rejected=176 wall_s=1308.245
t_year=15.56733 dt=8559.032 Vmax=4.246183e-08 accepted=1529 rejected=179 wall_s=1338.255
t_year=15.58156 dt=13283.37 Vmax=4.146179e-08 accepted=1565 rejected=182 wall_s=1368.278
t_year=15.5982 dt=16732.53 Vmax=3.479417e-08 accepted=1600 rejected=186 wall_s=1398.951
t_year=15.61682 dt=20641.97 Vmax=2.655292e-08 accepted=1636 rejected=189 wall_s=1429.569
t_year=15.6353 dt=19024.2 Vmax=2.188859e-08 accepted=1670 rejected=194 wall_s=1460.846
t_year=15.6529 dt=17410.1 Vmax=2.088767e-08 accepted=1703 rejected=199 wall_s=1490.948
t_year=15.67199 dt=12955.68 Vmax=2.468834e-08 accepted=1739 rejected=202 wall_s=1521.435
t_year=15.69112 dt=16604.53 Vmax=2.973185e-08 accepted=1774 rejected=206 wall_s=1551.892
t_year=15.71074 dt=19210.16 Vmax=2.865093e-08 accepted=1808 rejected=210 wall_s=1581.918
t_year=15.73108 dt=19774.22 Vmax=2.463264e-08 accepted=1842 rejected=214 wall_s=1612.006
t_year=15.75223 dt=25233.19 Vmax=2.040217e-08 accepted=1876 rejected=218 wall_s=1642.178
t_year=15.77368 dt=21159.39 Vmax=1.768925e-08 accepted=1909 rejected=223 wall_s=1672.637
t_year=15.79485 dt=18586.11 Vmax=1.729183e-08 accepted=1942 rejected=228 wall_s=1702.981
t_year=15.81774 dt=16483.76 Vmax=2.186635e-08 accepted=1978 rejected=231 wall_s=1733.654
t_year=15.84961 dt=29826.55 Vmax=1.723228e-08 accepted=2023 rejected=234 wall_s=1764.11
t_year=15.87342 dt=19381.72 Vmax=1.543976e-08 accepted=2056 rejected=240 wall_s=1795.528
t_year=15.89811 dt=16900.56 Vmax=1.78242e-08 accepted=2091 rejected=243 wall_s=1825.635
t_year=15.92373 dt=25536.28 Vmax=2.166588e-08 accepted=2126 rejected=246 wall_s=1856.02
t_year=15.94956 dt=30194.41 Vmax=1.888388e-08 accepted=2159 rejected=250 wall_s=1886.024
t_year=15.97708 dt=30665.2 Vmax=1.540447e-08 accepted=2193 rejected=253 wall_s=1916.18
t_year=16 dt=7815.519 Vmax=1.47872e-08 accepted=2222 rejected=256 wall_s=1941.953
